Archive member included because of file (symbol)

/home/michael/eclipse-workspace/Arduino-Blink-Eclipse-Project/ArduinoCore/2560_16MHz/libArduinoCore.a(wiring.c.o)
                              ./src/main.o (delay)
/home/michael/eclipse-workspace/Arduino-Blink-Eclipse-Project/ArduinoCore/2560_16MHz/libArduinoCore.a(wiring_digital.c.o)
                              ./src/main.o (pinMode)
/home/michael/eclipse-workspace/Arduino-Blink-Eclipse-Project/ArduinoCore/2560_16MHz/libArduinoCore.a(main.cpp.o)
                              /usr/lib/gcc/avr/4.5.3/../../../avr/lib/avr6/crtm2560.o (main)
/usr/lib/gcc/avr/4.5.3/avr6/libgcc.a(_exit.o)
                              /usr/lib/gcc/avr/4.5.3/../../../avr/lib/avr6/crtm2560.o (exit)
/usr/lib/gcc/avr/4.5.3/avr6/libgcc.a(_clear_bss.o)
                              /home/michael/eclipse-workspace/Arduino-Blink-Eclipse-Project/ArduinoCore/2560_16MHz/libArduinoCore.a(wiring.c.o) (__do_clear_bss)

Discarded input sections

 .data          0x00000000        0x0 /usr/lib/gcc/avr/4.5.3/../../../avr/lib/avr6/crtm2560.o
 .bss           0x00000000        0x0 /usr/lib/gcc/avr/4.5.3/../../../avr/lib/avr6/crtm2560.o
 .stab          0x00000000      0x6e4 /usr/lib/gcc/avr/4.5.3/../../../avr/lib/avr6/crtm2560.o
 .stabstr       0x00000000       0x64 /usr/lib/gcc/avr/4.5.3/../../../avr/lib/avr6/crtm2560.o
 .text          0x00000000        0x0 ./src/main.o
 .data          0x00000000        0x0 ./src/main.o
 .bss           0x00000000        0x0 ./src/main.o
 .stab          0x00000000      0x5c4 ./src/main.o
 .stabstr       0x00000000     0x2bab ./src/main.o
 .text          0x00000000        0x0 /home/michael/eclipse-workspace/Arduino-Blink-Eclipse-Project/ArduinoCore/2560_16MHz/libArduinoCore.a(wiring.c.o)
 .data          0x00000000        0x0 /home/michael/eclipse-workspace/Arduino-Blink-Eclipse-Project/ArduinoCore/2560_16MHz/libArduinoCore.a(wiring.c.o)
 .bss           0x00000000        0x0 /home/michael/eclipse-workspace/Arduino-Blink-Eclipse-Project/ArduinoCore/2560_16MHz/libArduinoCore.a(wiring.c.o)
 .stab          0x00000000      0xb10 /home/michael/eclipse-workspace/Arduino-Blink-Eclipse-Project/ArduinoCore/2560_16MHz/libArduinoCore.a(wiring.c.o)
 .stabstr       0x00000000      0xeb1 /home/michael/eclipse-workspace/Arduino-Blink-Eclipse-Project/ArduinoCore/2560_16MHz/libArduinoCore.a(wiring.c.o)
 .text.millis   0x00000000       0x1c /home/michael/eclipse-workspace/Arduino-Blink-Eclipse-Project/ArduinoCore/2560_16MHz/libArduinoCore.a(wiring.c.o)
 .text.delayMicroseconds
                0x00000000       0x14 /home/michael/eclipse-workspace/Arduino-Blink-Eclipse-Project/ArduinoCore/2560_16MHz/libArduinoCore.a(wiring.c.o)
 .text          0x00000000        0x0 /home/michael/eclipse-workspace/Arduino-Blink-Eclipse-Project/ArduinoCore/2560_16MHz/libArduinoCore.a(wiring_digital.c.o)
 .data          0x00000000        0x0 /home/michael/eclipse-workspace/Arduino-Blink-Eclipse-Project/ArduinoCore/2560_16MHz/libArduinoCore.a(wiring_digital.c.o)
 .bss           0x00000000        0x0 /home/michael/eclipse-workspace/Arduino-Blink-Eclipse-Project/ArduinoCore/2560_16MHz/libArduinoCore.a(wiring_digital.c.o)
 .stab          0x00000000      0xb34 /home/michael/eclipse-workspace/Arduino-Blink-Eclipse-Project/ArduinoCore/2560_16MHz/libArduinoCore.a(wiring_digital.c.o)
 .stabstr       0x00000000      0xfdd /home/michael/eclipse-workspace/Arduino-Blink-Eclipse-Project/ArduinoCore/2560_16MHz/libArduinoCore.a(wiring_digital.c.o)
 .text.digitalRead
                0x00000000       0x54 /home/michael/eclipse-workspace/Arduino-Blink-Eclipse-Project/ArduinoCore/2560_16MHz/libArduinoCore.a(wiring_digital.c.o)
 .text          0x00000000        0x0 /home/michael/eclipse-workspace/Arduino-Blink-Eclipse-Project/ArduinoCore/2560_16MHz/libArduinoCore.a(main.cpp.o)
 .data          0x00000000        0x0 /home/michael/eclipse-workspace/Arduino-Blink-Eclipse-Project/ArduinoCore/2560_16MHz/libArduinoCore.a(main.cpp.o)
 .bss           0x00000000        0x0 /home/michael/eclipse-workspace/Arduino-Blink-Eclipse-Project/ArduinoCore/2560_16MHz/libArduinoCore.a(main.cpp.o)
 .stab          0x00000000      0x5dc /home/michael/eclipse-workspace/Arduino-Blink-Eclipse-Project/ArduinoCore/2560_16MHz/libArduinoCore.a(main.cpp.o)
 .stabstr       0x00000000     0x2bde /home/michael/eclipse-workspace/Arduino-Blink-Eclipse-Project/ArduinoCore/2560_16MHz/libArduinoCore.a(main.cpp.o)
 .text          0x00000000        0x0 /usr/lib/gcc/avr/4.5.3/avr6/libgcc.a(_exit.o)
 .data          0x00000000        0x0 /usr/lib/gcc/avr/4.5.3/avr6/libgcc.a(_exit.o)
 .bss           0x00000000        0x0 /usr/lib/gcc/avr/4.5.3/avr6/libgcc.a(_exit.o)
 .text.libgcc   0x00000000        0x0 /usr/lib/gcc/avr/4.5.3/avr6/libgcc.a(_exit.o)
 .text          0x00000000        0x0 /usr/lib/gcc/avr/4.5.3/avr6/libgcc.a(_clear_bss.o)
 .data          0x00000000        0x0 /usr/lib/gcc/avr/4.5.3/avr6/libgcc.a(_clear_bss.o)
 .bss           0x00000000        0x0 /usr/lib/gcc/avr/4.5.3/avr6/libgcc.a(_clear_bss.o)
 .text.libgcc   0x00000000        0x0 /usr/lib/gcc/avr/4.5.3/avr6/libgcc.a(_clear_bss.o)

Memory Configuration

Name             Origin             Length             Attributes
text             0x00000000         0x00100000         xr
data             0x00800200         0x0000fe00         rw !x
eeprom           0x00810000         0x00010000         rw !x
fuse             0x00820000         0x00000400         rw !x
lock             0x00830000         0x00000400         rw !x
signature        0x00840000         0x00000400         rw !x
*default*        0x00000000         0xffffffff

Linker script and memory map

Address of section .data set to 0x800200
LOAD /usr/lib/gcc/avr/4.5.3/../../../avr/lib/avr6/crtm2560.o
LOAD ./src/main.o
LOAD /home/michael/eclipse-workspace/Arduino-Blink-Eclipse-Project/ArduinoCore/2560_16MHz/libArduinoCore.a
LOAD /usr/lib/gcc/avr/4.5.3/../../../avr/lib/avr6/libm.a
LOAD /usr/lib/gcc/avr/4.5.3/avr6/libgcc.a
LOAD /usr/lib/gcc/avr/4.5.3/../../../avr/lib/avr6/libc.a
LOAD /usr/lib/gcc/avr/4.5.3/avr6/libgcc.a

.hash
 *(.hash)

.dynsym
 *(.dynsym)

.dynstr
 *(.dynstr)

.gnu.version
 *(.gnu.version)

.gnu.version_d
 *(.gnu.version_d)

.gnu.version_r
 *(.gnu.version_r)

.rel.init
 *(.rel.init)

.rela.init
 *(.rela.init)

.rel.text
 *(.rel.text)
 *(.rel.text.*)
 *(.rel.gnu.linkonce.t*)

.rela.text
 *(.rela.text)
 *(.rela.text.*)
 *(.rela.gnu.linkonce.t*)

.rel.fini
 *(.rel.fini)

.rela.fini
 *(.rela.fini)

.rel.rodata
 *(.rel.rodata)
 *(.rel.rodata.*)
 *(.rel.gnu.linkonce.r*)

.rela.rodata
 *(.rela.rodata)
 *(.rela.rodata.*)
 *(.rela.gnu.linkonce.r*)

.rel.data
 *(.rel.data)
 *(.rel.data.*)
 *(.rel.gnu.linkonce.d*)

.rela.data
 *(.rela.data)
 *(.rela.data.*)
 *(.rela.gnu.linkonce.d*)

.rel.ctors
 *(.rel.ctors)

.rela.ctors
 *(.rela.ctors)

.rel.dtors
 *(.rel.dtors)

.rela.dtors
 *(.rela.dtors)

.rel.got
 *(.rel.got)

.rela.got
 *(.rela.got)

.rel.bss
 *(.rel.bss)

.rela.bss
 *(.rela.bss)

.rel.plt
 *(.rel.plt)

.rela.plt
 *(.rela.plt)

.text           0x00000000      0x614
 *(.vectors)
 .vectors       0x00000000       0xe4 /usr/lib/gcc/avr/4.5.3/../../../avr/lib/avr6/crtm2560.o
                0x00000000                __vectors
                0x00000000                __vector_default
 *(.vectors)
 *(.progmem.gcc*)
 *(.progmem*)
 .progmem.data  0x000000e4      0x120 /home/michael/eclipse-workspace/Arduino-Blink-Eclipse-Project/ArduinoCore/2560_16MHz/libArduinoCore.a(wiring_digital.c.o)
                0x000000e4                port_to_mode_PGM
                0x000000fe                port_to_output_PGM
                0x00000118                port_to_input_PGM
                0x00000132                digital_pin_to_port_PGM
                0x00000178                digital_pin_to_bit_mask_PGM
                0x000001be                digital_pin_to_timer_PGM
                0x00000204                . = ALIGN (0x2)
                0x00000204                __trampolines_start = .
 *(.trampolines)
 .trampolines   0x00000204        0x0 linker stubs
 *(.trampolines*)
                0x00000204                __trampolines_end = .
 *(.jumptables)
 *(.jumptables*)
 *(.lowtext)
 *(.lowtext*)
                0x00000204                __ctors_start = .
 *(.ctors)
                0x00000204                __ctors_end = .
                0x00000204                __dtors_start = .
 *(.dtors)
                0x00000204                __dtors_end = .
 SORT(*)(.ctors)
 SORT(*)(.dtors)
 *(.init0)
 .init0         0x00000204        0x0 /usr/lib/gcc/avr/4.5.3/../../../avr/lib/avr6/crtm2560.o
                0x00000204                __init
 *(.init0)
 *(.init1)
 *(.init1)
 *(.init2)
 .init2         0x00000204       0x10 /usr/lib/gcc/avr/4.5.3/../../../avr/lib/avr6/crtm2560.o
 *(.init2)
 *(.init3)
 *(.init3)
 *(.init4)
 .init4         0x00000214       0x10 /usr/lib/gcc/avr/4.5.3/avr6/libgcc.a(_clear_bss.o)
                0x00000214                __do_clear_bss
 *(.init4)
 *(.init5)
 *(.init5)
 *(.init6)
 *(.init6)
 *(.init7)
 *(.init7)
 *(.init8)
 *(.init8)
 *(.init9)
 .init9         0x00000224        0x8 /usr/lib/gcc/avr/4.5.3/../../../avr/lib/avr6/crtm2560.o
 *(.init9)
 *(.text)
 .text          0x0000022c        0x4 /usr/lib/gcc/avr/4.5.3/../../../avr/lib/avr6/crtm2560.o
                0x0000022c                __vector_38
                0x0000022c                __vector_22
                0x0000022c                __vector_28
                0x0000022c                __vector_1
                0x0000022c                __vector_32
                0x0000022c                __vector_34
                0x0000022c                __vector_24
                0x0000022c                __vector_12
                0x0000022c                __vector_55
                0x0000022c                __vector_46
                0x0000022c                __bad_interrupt
                0x0000022c                __vector_6
                0x0000022c                __vector_31
                0x0000022c                __vector_35
                0x0000022c                __vector_39
                0x0000022c                __vector_3
                0x0000022c                __vector_30
                0x0000022c                __vector_45
                0x0000022c                __vector_25
                0x0000022c                __vector_11
                0x0000022c                __vector_54
                0x0000022c                __vector_13
                0x0000022c                __vector_17
                0x0000022c                __vector_19
                0x0000022c                __vector_56
                0x0000022c                __vector_7
                0x0000022c                __vector_49
                0x0000022c                __vector_41
                0x0000022c                __vector_43
                0x0000022c                __vector_27
                0x0000022c                __vector_5
                0x0000022c                __vector_33
                0x0000022c                __vector_47
                0x0000022c                __vector_52
                0x0000022c                __vector_37
                0x0000022c                __vector_4
                0x0000022c                __vector_44
                0x0000022c                __vector_51
                0x0000022c                __vector_9
                0x0000022c                __vector_2
                0x0000022c                __vector_21
                0x0000022c                __vector_15
                0x0000022c                __vector_36
                0x0000022c                __vector_29
                0x0000022c                __vector_40
                0x0000022c                __vector_8
                0x0000022c                __vector_26
                0x0000022c                __vector_48
                0x0000022c                __vector_14
                0x0000022c                __vector_53
                0x0000022c                __vector_10
                0x0000022c                __vector_50
                0x0000022c                __vector_16
                0x0000022c                __vector_18
                0x0000022c                __vector_20
                0x0000022c                __vector_42
                0x00000230                . = ALIGN (0x2)
 *(.text.*)
 .text.setup    0x00000230        0xa ./src/main.o
                0x00000230                setup
 .text.loop     0x0000023a       0x2a ./src/main.o
                0x0000023a                loop
 .text.__vector_23
                0x00000264       0x90 /home/michael/eclipse-workspace/Arduino-Blink-Eclipse-Project/ArduinoCore/2560_16MHz/libArduinoCore.a(wiring.c.o)
                0x00000264                __vector_23
 .text.micros   0x000002f4       0x4c /home/michael/eclipse-workspace/Arduino-Blink-Eclipse-Project/ArduinoCore/2560_16MHz/libArduinoCore.a(wiring.c.o)
                0x000002f4                micros
 .text.delay    0x00000340       0x4e /home/michael/eclipse-workspace/Arduino-Blink-Eclipse-Project/ArduinoCore/2560_16MHz/libArduinoCore.a(wiring.c.o)
                0x00000340                delay
 .text.init     0x0000038e       0xc4 /home/michael/eclipse-workspace/Arduino-Blink-Eclipse-Project/ArduinoCore/2560_16MHz/libArduinoCore.a(wiring.c.o)
                0x0000038e                init
 .text.turnOffPWM
                0x00000452       0xe8 /home/michael/eclipse-workspace/Arduino-Blink-Eclipse-Project/ArduinoCore/2560_16MHz/libArduinoCore.a(wiring_digital.c.o)
 .text.pinMode  0x0000053a       0x48 /home/michael/eclipse-workspace/Arduino-Blink-Eclipse-Project/ArduinoCore/2560_16MHz/libArduinoCore.a(wiring_digital.c.o)
                0x0000053a                pinMode
 .text.digitalWrite
                0x00000582       0x70 /home/michael/eclipse-workspace/Arduino-Blink-Eclipse-Project/ArduinoCore/2560_16MHz/libArduinoCore.a(wiring_digital.c.o)
                0x00000582                digitalWrite
 .text.main     0x000005f2       0x1e /home/michael/eclipse-workspace/Arduino-Blink-Eclipse-Project/ArduinoCore/2560_16MHz/libArduinoCore.a(main.cpp.o)
                0x000005f2                main
                0x00000610                . = ALIGN (0x2)
 *(.fini9)
 .fini9         0x00000610        0x0 /usr/lib/gcc/avr/4.5.3/avr6/libgcc.a(_exit.o)
                0x00000610                exit
                0x00000610                _exit
 *(.fini9)
 *(.fini8)
 *(.fini8)
 *(.fini7)
 *(.fini7)
 *(.fini6)
 *(.fini6)
 *(.fini5)
 *(.fini5)
 *(.fini4)
 *(.fini4)
 *(.fini3)
 *(.fini3)
 *(.fini2)
 *(.fini2)
 *(.fini1)
 *(.fini1)
 *(.fini0)
 .fini0         0x00000610        0x4 /usr/lib/gcc/avr/4.5.3/avr6/libgcc.a(_exit.o)
 *(.fini0)
                0x00000614                _etext = .

.data           0x00800200        0x0 load address 0x00000614
                0x00800200                PROVIDE (__data_start, .)
 *(.data)
 *(.data*)
 *(.rodata)
 *(.rodata*)
 *(.gnu.linkonce.d*)
                0x00800200                . = ALIGN (0x2)
                0x00800200                _edata = .
                0x00800200                PROVIDE (__data_end, .)

.bss            0x00800200        0x9
                0x00800200                PROVIDE (__bss_start, .)
 *(.bss)
 *(.bss*)
 .bss.timer0_overflow_count
                0x00800200        0x4 /home/michael/eclipse-workspace/Arduino-Blink-Eclipse-Project/ArduinoCore/2560_16MHz/libArduinoCore.a(wiring.c.o)
                0x00800200                timer0_overflow_count
 .bss.timer0_millis
                0x00800204        0x4 /home/michael/eclipse-workspace/Arduino-Blink-Eclipse-Project/ArduinoCore/2560_16MHz/libArduinoCore.a(wiring.c.o)
                0x00800204                timer0_millis
 .bss.timer0_fract
                0x00800208        0x1 /home/michael/eclipse-workspace/Arduino-Blink-Eclipse-Project/ArduinoCore/2560_16MHz/libArduinoCore.a(wiring.c.o)
 *(COMMON)
                0x00800209                PROVIDE (__bss_end, .)
                0x00000614                __data_load_start = LOADADDR (.data)
                0x00000614                __data_load_end = (__data_load_start + SIZEOF (.data))

.noinit         0x00800209        0x0
                0x00800209                PROVIDE (__noinit_start, .)
 *(.noinit*)
                0x00800209                PROVIDE (__noinit_end, .)
                0x00800209                _end = .
                0x00800209                PROVIDE (__heap_start, .)

.eeprom         0x00810000        0x0
 *(.eeprom*)
                0x00810000                __eeprom_end = .

.fuse
 *(.fuse)
 *(.lfuse)
 *(.hfuse)
 *(.efuse)

.lock
 *(.lock*)

.signature
 *(.signature*)

.stab
 *(.stab)

.stabstr
 *(.stabstr)

.stab.excl
 *(.stab.excl)

.stab.exclstr
 *(.stab.exclstr)

.stab.index
 *(.stab.index)

.stab.indexstr
 *(.stab.indexstr)

.comment
 *(.comment)

.debug
 *(.debug)

.line
 *(.line)

.debug_srcinfo
 *(.debug_srcinfo)

.debug_sfnames
 *(.debug_sfnames)

.debug_aranges
 *(.debug_aranges)

.debug_pubnames
 *(.debug_pubnames)

.debug_info
 *(.debug_info)
 *(.gnu.linkonce.wi.*)

.debug_abbrev
 *(.debug_abbrev)

.debug_line
 *(.debug_line)

.debug_frame
 *(.debug_frame)

.debug_str
 *(.debug_str)

.debug_loc
 *(.debug_loc)

.debug_macinfo
 *(.debug_macinfo)
OUTPUT(SelfBalancedTransporter.elf elf32-avr)
LOAD linker stubs

Cross Reference Table

Symbol                                            File
__bad_interrupt                                   /usr/lib/gcc/avr/4.5.3/../../../avr/lib/avr6/crtm2560.o
__bss_end                                         /usr/lib/gcc/avr/4.5.3/avr6/libgcc.a(_clear_bss.o)
__bss_start                                       /usr/lib/gcc/avr/4.5.3/avr6/libgcc.a(_clear_bss.o)
__do_clear_bss                                    /usr/lib/gcc/avr/4.5.3/avr6/libgcc.a(_clear_bss.o)
                                                  /home/michael/eclipse-workspace/Arduino-Blink-Eclipse-Project/ArduinoCore/2560_16MHz/libArduinoCore.a(wiring.c.o)
__heap_end                                        /usr/lib/gcc/avr/4.5.3/../../../avr/lib/avr6/crtm2560.o
__init                                            /usr/lib/gcc/avr/4.5.3/../../../avr/lib/avr6/crtm2560.o
__stack                                           /usr/lib/gcc/avr/4.5.3/../../../avr/lib/avr6/crtm2560.o
__vector_1                                        /usr/lib/gcc/avr/4.5.3/../../../avr/lib/avr6/crtm2560.o
__vector_10                                       /usr/lib/gcc/avr/4.5.3/../../../avr/lib/avr6/crtm2560.o
__vector_11                                       /usr/lib/gcc/avr/4.5.3/../../../avr/lib/avr6/crtm2560.o
__vector_12                                       /usr/lib/gcc/avr/4.5.3/../../../avr/lib/avr6/crtm2560.o
__vector_13                                       /usr/lib/gcc/avr/4.5.3/../../../avr/lib/avr6/crtm2560.o
__vector_14                                       /usr/lib/gcc/avr/4.5.3/../../../avr/lib/avr6/crtm2560.o
__vector_15                                       /usr/lib/gcc/avr/4.5.3/../../../avr/lib/avr6/crtm2560.o
__vector_16                                       /usr/lib/gcc/avr/4.5.3/../../../avr/lib/avr6/crtm2560.o
__vector_17                                       /usr/lib/gcc/avr/4.5.3/../../../avr/lib/avr6/crtm2560.o
__vector_18                                       /usr/lib/gcc/avr/4.5.3/../../../avr/lib/avr6/crtm2560.o
__vector_19                                       /usr/lib/gcc/avr/4.5.3/../../../avr/lib/avr6/crtm2560.o
__vector_2                                        /usr/lib/gcc/avr/4.5.3/../../../avr/lib/avr6/crtm2560.o
__vector_20                                       /usr/lib/gcc/avr/4.5.3/../../../avr/lib/avr6/crtm2560.o
__vector_21                                       /usr/lib/gcc/avr/4.5.3/../../../avr/lib/avr6/crtm2560.o
__vector_22                                       /usr/lib/gcc/avr/4.5.3/../../../avr/lib/avr6/crtm2560.o
__vector_23                                       /home/michael/eclipse-workspace/Arduino-Blink-Eclipse-Project/ArduinoCore/2560_16MHz/libArduinoCore.a(wiring.c.o)
                                                  /usr/lib/gcc/avr/4.5.3/../../../avr/lib/avr6/crtm2560.o
__vector_24                                       /usr/lib/gcc/avr/4.5.3/../../../avr/lib/avr6/crtm2560.o
__vector_25                                       /usr/lib/gcc/avr/4.5.3/../../../avr/lib/avr6/crtm2560.o
__vector_26                                       /usr/lib/gcc/avr/4.5.3/../../../avr/lib/avr6/crtm2560.o
__vector_27                                       /usr/lib/gcc/avr/4.5.3/../../../avr/lib/avr6/crtm2560.o
__vector_28                                       /usr/lib/gcc/avr/4.5.3/../../../avr/lib/avr6/crtm2560.o
__vector_29                                       /usr/lib/gcc/avr/4.5.3/../../../avr/lib/avr6/crtm2560.o
__vector_3                                        /usr/lib/gcc/avr/4.5.3/../../../avr/lib/avr6/crtm2560.o
__vector_30                                       /usr/lib/gcc/avr/4.5.3/../../../avr/lib/avr6/crtm2560.o
__vector_31                                       /usr/lib/gcc/avr/4.5.3/../../../avr/lib/avr6/crtm2560.o
__vector_32                                       /usr/lib/gcc/avr/4.5.3/../../../avr/lib/avr6/crtm2560.o
__vector_33                                       /usr/lib/gcc/avr/4.5.3/../../../avr/lib/avr6/crtm2560.o
__vector_34                                       /usr/lib/gcc/avr/4.5.3/../../../avr/lib/avr6/crtm2560.o
__vector_35                                       /usr/lib/gcc/avr/4.5.3/../../../avr/lib/avr6/crtm2560.o
__vector_36                                       /usr/lib/gcc/avr/4.5.3/../../../avr/lib/avr6/crtm2560.o
__vector_37                                       /usr/lib/gcc/avr/4.5.3/../../../avr/lib/avr6/crtm2560.o
__vector_38                                       /usr/lib/gcc/avr/4.5.3/../../../avr/lib/avr6/crtm2560.o
__vector_39                                       /usr/lib/gcc/avr/4.5.3/../../../avr/lib/avr6/crtm2560.o
__vector_4                                        /usr/lib/gcc/avr/4.5.3/../../../avr/lib/avr6/crtm2560.o
__vector_40                                       /usr/lib/gcc/avr/4.5.3/../../../avr/lib/avr6/crtm2560.o
__vector_41                                       /usr/lib/gcc/avr/4.5.3/../../../avr/lib/avr6/crtm2560.o
__vector_42                                       /usr/lib/gcc/avr/4.5.3/../../../avr/lib/avr6/crtm2560.o
__vector_43                                       /usr/lib/gcc/avr/4.5.3/../../../avr/lib/avr6/crtm2560.o
__vector_44                                       /usr/lib/gcc/avr/4.5.3/../../../avr/lib/avr6/crtm2560.o
__vector_45                                       /usr/lib/gcc/avr/4.5.3/../../../avr/lib/avr6/crtm2560.o
__vector_46                                       /usr/lib/gcc/avr/4.5.3/../../../avr/lib/avr6/crtm2560.o
__vector_47                                       /usr/lib/gcc/avr/4.5.3/../../../avr/lib/avr6/crtm2560.o
__vector_48                                       /usr/lib/gcc/avr/4.5.3/../../../avr/lib/avr6/crtm2560.o
__vector_49                                       /usr/lib/gcc/avr/4.5.3/../../../avr/lib/avr6/crtm2560.o
__vector_5                                        /usr/lib/gcc/avr/4.5.3/../../../avr/lib/avr6/crtm2560.o
__vector_50                                       /usr/lib/gcc/avr/4.5.3/../../../avr/lib/avr6/crtm2560.o
__vector_51                                       /usr/lib/gcc/avr/4.5.3/../../../avr/lib/avr6/crtm2560.o
__vector_52                                       /usr/lib/gcc/avr/4.5.3/../../../avr/lib/avr6/crtm2560.o
__vector_53                                       /usr/lib/gcc/avr/4.5.3/../../../avr/lib/avr6/crtm2560.o
__vector_54                                       /usr/lib/gcc/avr/4.5.3/../../../avr/lib/avr6/crtm2560.o
__vector_55                                       /usr/lib/gcc/avr/4.5.3/../../../avr/lib/avr6/crtm2560.o
__vector_56                                       /usr/lib/gcc/avr/4.5.3/../../../avr/lib/avr6/crtm2560.o
__vector_6                                        /usr/lib/gcc/avr/4.5.3/../../../avr/lib/avr6/crtm2560.o
__vector_7                                        /usr/lib/gcc/avr/4.5.3/../../../avr/lib/avr6/crtm2560.o
__vector_8                                        /usr/lib/gcc/avr/4.5.3/../../../avr/lib/avr6/crtm2560.o
__vector_9                                        /usr/lib/gcc/avr/4.5.3/../../../avr/lib/avr6/crtm2560.o
__vector_default                                  /usr/lib/gcc/avr/4.5.3/../../../avr/lib/avr6/crtm2560.o
__vectors                                         /usr/lib/gcc/avr/4.5.3/../../../avr/lib/avr6/crtm2560.o
_exit                                             /usr/lib/gcc/avr/4.5.3/avr6/libgcc.a(_exit.o)
delay                                             /home/michael/eclipse-workspace/Arduino-Blink-Eclipse-Project/ArduinoCore/2560_16MHz/libArduinoCore.a(wiring.c.o)
                                                  ./src/main.o
delayMicroseconds                                 /home/michael/eclipse-workspace/Arduino-Blink-Eclipse-Project/ArduinoCore/2560_16MHz/libArduinoCore.a(wiring.c.o)
digitalRead                                       /home/michael/eclipse-workspace/Arduino-Blink-Eclipse-Project/ArduinoCore/2560_16MHz/libArduinoCore.a(wiring_digital.c.o)
digitalWrite                                      /home/michael/eclipse-workspace/Arduino-Blink-Eclipse-Project/ArduinoCore/2560_16MHz/libArduinoCore.a(wiring_digital.c.o)
                                                  ./src/main.o
digital_pin_to_bit_mask_PGM                       /home/michael/eclipse-workspace/Arduino-Blink-Eclipse-Project/ArduinoCore/2560_16MHz/libArduinoCore.a(wiring_digital.c.o)
digital_pin_to_port_PGM                           /home/michael/eclipse-workspace/Arduino-Blink-Eclipse-Project/ArduinoCore/2560_16MHz/libArduinoCore.a(wiring_digital.c.o)
digital_pin_to_timer_PGM                          /home/michael/eclipse-workspace/Arduino-Blink-Eclipse-Project/ArduinoCore/2560_16MHz/libArduinoCore.a(wiring_digital.c.o)
exit                                              /usr/lib/gcc/avr/4.5.3/avr6/libgcc.a(_exit.o)
                                                  /usr/lib/gcc/avr/4.5.3/../../../avr/lib/avr6/crtm2560.o
init                                              /home/michael/eclipse-workspace/Arduino-Blink-Eclipse-Project/ArduinoCore/2560_16MHz/libArduinoCore.a(wiring.c.o)
                                                  /home/michael/eclipse-workspace/Arduino-Blink-Eclipse-Project/ArduinoCore/2560_16MHz/libArduinoCore.a(main.cpp.o)
loop                                              ./src/main.o
                                                  /home/michael/eclipse-workspace/Arduino-Blink-Eclipse-Project/ArduinoCore/2560_16MHz/libArduinoCore.a(main.cpp.o)
main                                              /home/michael/eclipse-workspace/Arduino-Blink-Eclipse-Project/ArduinoCore/2560_16MHz/libArduinoCore.a(main.cpp.o)
                                                  /usr/lib/gcc/avr/4.5.3/../../../avr/lib/avr6/crtm2560.o
micros                                            /home/michael/eclipse-workspace/Arduino-Blink-Eclipse-Project/ArduinoCore/2560_16MHz/libArduinoCore.a(wiring.c.o)
millis                                            /home/michael/eclipse-workspace/Arduino-Blink-Eclipse-Project/ArduinoCore/2560_16MHz/libArduinoCore.a(wiring.c.o)
pinMode                                           /home/michael/eclipse-workspace/Arduino-Blink-Eclipse-Project/ArduinoCore/2560_16MHz/libArduinoCore.a(wiring_digital.c.o)
                                                  ./src/main.o
port_to_input_PGM                                 /home/michael/eclipse-workspace/Arduino-Blink-Eclipse-Project/ArduinoCore/2560_16MHz/libArduinoCore.a(wiring_digital.c.o)
port_to_mode_PGM                                  /home/michael/eclipse-workspace/Arduino-Blink-Eclipse-Project/ArduinoCore/2560_16MHz/libArduinoCore.a(wiring_digital.c.o)
port_to_output_PGM                                /home/michael/eclipse-workspace/Arduino-Blink-Eclipse-Project/ArduinoCore/2560_16MHz/libArduinoCore.a(wiring_digital.c.o)
serialEventRun()                                  /home/michael/eclipse-workspace/Arduino-Blink-Eclipse-Project/ArduinoCore/2560_16MHz/libArduinoCore.a(main.cpp.o)
setup                                             ./src/main.o
                                                  /home/michael/eclipse-workspace/Arduino-Blink-Eclipse-Project/ArduinoCore/2560_16MHz/libArduinoCore.a(main.cpp.o)
timer0_millis                                     /home/michael/eclipse-workspace/Arduino-Blink-Eclipse-Project/ArduinoCore/2560_16MHz/libArduinoCore.a(wiring.c.o)
timer0_overflow_count                             /home/michael/eclipse-workspace/Arduino-Blink-Eclipse-Project/ArduinoCore/2560_16MHz/libArduinoCore.a(wiring.c.o)
